// Jest Snapshot v1, https://goo.gl/fbAQLP

exports[`Dashboard Should mount the dashboard 1`] = `
<div
  className="makeStyles-root-1"
>
  <img
    alt="YCAI Logo"
    src="/ycai-logo.png"
  />
  <header
    className="MuiPaper-root MuiAppBar-root MuiAppBar-positionStatic MuiAppBar-colorPrimary MuiPaper-elevation4"
  >
    <div
      className="MuiTabs-root"
    >
      <div
        className="MuiTabs-scroller MuiTabs-fixed"
        onScroll={[Function]}
        style={
          Object {
            "marginBottom": null,
            "overflow": "hidden",
          }
        }
      >
        <div
          aria-label="simple tabs example"
          className="MuiTabs-flexContainer"
          onKeyDown={[Function]}
          role="tablist"
        >
          <button
            aria-controls="simple-tabpanel-0"
            aria-selected={true}
            className="MuiButtonBase-root MuiTab-root MuiTab-textColorInherit Mui-selected"
            disabled={false}
            id="simple-tab-0"
            index={0}
            onBlur={[Function]}
            onClick={[Function]}
            onDragLeave={[Function]}
            onFocus={[Function]}
            onKeyDown={[Function]}
            onKeyUp={[Function]}
            onMouseDown={[Function]}
            onMouseLeave={[Function]}
            onMouseUp={[Function]}
            onTouchEnd={[Function]}
            onTouchMove={[Function]}
            onTouchStart={[Function]}
            role="tab"
            tabIndex={0}
            type="button"
          >
            <span
              className="MuiTab-wrapper"
            >
              <span
                className="MuiTypography-root MuiTypography-caption"
              >
                Link your account
              </span>
            </span>
            <span
              className="MuiTouchRipple-root"
            />
          </button>
          <button
            aria-controls="simple-tabpanel-1"
            aria-selected={false}
            className="MuiButtonBase-root MuiTab-root MuiTab-textColorInherit"
            disabled={false}
            id="simple-tab-1"
            index={1}
            onBlur={[Function]}
            onClick={[Function]}
            onDragLeave={[Function]}
            onFocus={[Function]}
            onKeyDown={[Function]}
            onKeyUp={[Function]}
            onMouseDown={[Function]}
            onMouseLeave={[Function]}
            onMouseUp={[Function]}
            onTouchEnd={[Function]}
            onTouchMove={[Function]}
            onTouchStart={[Function]}
            role="tab"
            tabIndex={-1}
            type="button"
          >
            <span
              className="MuiTab-wrapper"
            >
              <span
                className="MuiTypography-root MuiTypography-caption"
              >
                Manage recommendations
              </span>
            </span>
            <span
              className="MuiTouchRipple-root"
            />
          </button>
          <button
            aria-controls="simple-tabpanel-2"
            aria-selected={false}
            className="MuiButtonBase-root MuiTab-root MuiTab-textColorInherit"
            disabled={false}
            id="simple-tab-2"
            index={2}
            onBlur={[Function]}
            onClick={[Function]}
            onDragLeave={[Function]}
            onFocus={[Function]}
            onKeyDown={[Function]}
            onKeyUp={[Function]}
            onMouseDown={[Function]}
            onMouseLeave={[Function]}
            onMouseUp={[Function]}
            onTouchEnd={[Function]}
            onTouchMove={[Function]}
            onTouchStart={[Function]}
            role="tab"
            tabIndex={-1}
            type="button"
          >
            <span
              className="MuiTab-wrapper"
            >
              <span
                className="MuiTypography-root MuiTypography-caption"
              >
                Collaborative Analytics
              </span>
            </span>
            <span
              className="MuiTouchRipple-root"
            />
          </button>
          <button
            aria-controls="simple-tabpanel-3"
            aria-selected={false}
            className="MuiButtonBase-root MuiTab-root MuiTab-textColorInherit"
            disabled={false}
            id="simple-tab-3"
            index={3}
            onBlur={[Function]}
            onClick={[Function]}
            onDragLeave={[Function]}
            onFocus={[Function]}
            onKeyDown={[Function]}
            onKeyUp={[Function]}
            onMouseDown={[Function]}
            onMouseLeave={[Function]}
            onMouseUp={[Function]}
            onTouchEnd={[Function]}
            onTouchMove={[Function]}
            onTouchStart={[Function]}
            role="tab"
            tabIndex={-1}
            type="button"
          >
            <span
              className="MuiTab-wrapper"
            >
              <span
                className="MuiTypography-root MuiTypography-caption"
              >
                Advanced Settings
              </span>
            </span>
            <span
              className="MuiTouchRipple-root"
            />
          </button>
        </div>
        <span
          className="PrivateTabIndicator-root-2 PrivateTabIndicator-colorSecondary-4 MuiTabs-indicator"
          style={
            Object {
              "left": 0,
              "width": 0,
            }
          }
        />
      </div>
    </div>
  </header>
  <div
    className="MuiGrid-root MuiGrid-container"
  >
    <div
      className="MuiGrid-root MuiGrid-item MuiGrid-grid-md-12"
    >
      <div
        aria-labelledby="simple-tab-0"
        hidden={false}
        id="simple-tabpanel-0"
        role="tabpanel"
      >
        <div
          className="MuiBox-root MuiBox-root-6"
        >
          <div
            style={
              Object {
                "alignItems": "center",
                "display": "flex",
                "height": "100%",
                "justifyContent": "center",
                "minHeight": 600,
                "textAlign": "center",
                "width": "100%",
              }
            }
          >
            <div
              className="MuiCircularProgress-root MuiCircularProgress-colorPrimary MuiCircularProgress-indeterminate"
              role="progressbar"
              style={
                Object {
                  "height": 40,
                  "width": 40,
                }
              }
            >
              <svg
                className="MuiCircularProgress-svg"
                viewBox="22 22 44 44"
              >
                <circle
                  className="MuiCircularProgress-circle MuiCircularProgress-circleIndeterminate"
                  cx={44}
                  cy={44}
                  fill="none"
                  r={20.2}
                  strokeWidth={3.6}
                  style={Object {}}
                />
              </svg>
            </div>
          </div>
        </div>
      </div>
      <div
        aria-labelledby="simple-tab-1"
        hidden={true}
        id="simple-tabpanel-1"
        role="tabpanel"
      />
      <div
        aria-labelledby="simple-tab-2"
        hidden={true}
        id="simple-tabpanel-2"
        role="tabpanel"
      />
      <div
        aria-labelledby="simple-tab-3"
        hidden={true}
        id="simple-tabpanel-3"
        role="tabpanel"
      />
    </div>
  </div>
</div>
`;
